[*] OCR 23 source(s): 3 file(s) at a time × 4 page worker(s)
[+] 02 End module 2022.pdf: 10 page(s), mean conf 0.763  review pages [1, 2, 3, 5, 6, 7, 8, 9, 10]
[+] 03 Endmodule 2023.pdf: 5 page(s), mean conf 0.786  review pages [1, 2, 3, 4, 5]
[+] 04 Final Exam 2023 .pdf: 1 page(s), mean conf 0.93
[+] 05 Final Exam 2024.pdf: 1 page(s), mean conf 0.924
[+] 06 Final exam written 2023 summer course.pdf: 1 page(s), mean conf 0.63  review pages [1]
[+] 07 Final surgery 2023 “2nd integrated” (2).pdf: 14 page(s), mean conf 0.789  review pages [1, 2, 3, 4, 5, 6, 7, 9, 11, 12, 13, 14]
[+] 08 Final surgery 2023 “2nd integrated”.pdf: 14 page(s), mean conf 0.789  review pages [1, 2, 3, 4, 5, 6, 7, 9, 11, 12, 13, 14]
[+] 09 Final surgery I 2025_copy_copy.pdf: 8 page(s), mean conf 0.904
[+] 10 Final written 2022.pdf: 6 page(s), mean conf 0.53  review pages [2, 3, 4, 5, 6]
[+] 11 Final2026.jpg: 1 page(s), mean conf 0.716  review pages [1]
[+] 13 McQ surgery mansoura .pdf: 136 page(s), mean conf 0.866  review pages [1, 2, 4, 5, 6, 8, 10, 12, 14, 15, 16, 17, 21, 24, 25, 26, 28, 29, 31, 32, 33, 35, 38, 41, 42, 47, 49, 51, 52, 53, 56, 57, 59, 60, 61, 64, 65, 68, 70, 71, 73, 74, 76, 82, 84, 85, 87, 88, 95, 96, 97, 99, 101, 102, 103, 105, 106, 107, 108, 109, 110, 111, 114, 116, 117, 118, 120, 127, 129, 132, 134]
[+] 15 Surgery1 End module 2024.pdf: 5 page(s), mean conf 0.824  review pages [1, 2, 3, 5]
[+] 17 end surgery 1 2026.pdf: 5 page(s), mean conf 0.768  review pages [1, 2, 4, 5]
[+] 19 surgery 1 end 2021.pdf: 6 page(s), mean conf 0.8  review pages [2, 3, 5, 6]
[+] 21 امتحان جراحه سنه 6 2022.pdf: 8 page(s), mean conf 0.76  review pages [1, 2, 3, 4, 5, 6, 7, 8]
[+] 22 امتحان دور تاني 2024.pdf: 5 page(s), mean conf 0.769  review pages [1, 2, 3, 4, 5]
[+] 23 امتحان قديم (2).pdf: 9 page(s), mean conf 0.863  review pages [3, 4, 6, 7, 8]
[+] 24 امتحان قديم.pdf: 9 page(s), mean conf 0.861  review pages [3, 4, 5, 6, 7, 8]
[+] 25 بنك Dr. Amr Mohsen MCQ.pdf: 314 page(s), mean conf 0.932  review pages [4, 5, 6, 10, 41, 54, 80, 86, 94, 114, 137, 142, 154, 234, 241, 290]
[+] 26 بنك أزهر القاهرة .pdf: 88 page(s), mean conf 0.853  review pages [7, 8, 9, 10, 11, 13, 14, 15, 16, 17, 21, 22, 23, 24, 25, 26, 27, 28, 29, 34, 35, 36, 39, 43, 44, 45, 46, 49, 51, 53, 54, 55, 57, 63, 65, 66, 67, 68, 69, 70, 75, 76, 77, 78, 81, 83, 84, 85, 86, 88]
[+] 27 بنك اسئلة.pdf: 28 page(s), mean conf 0.831  review pages [1, 2, 3, 4, 5, 6, 7, 8, 10, 12, 14, 16, 20, 21, 22, 24, 25, 26]
[+] 28 جراحة 20٪.pdf: 7 page(s), mean conf 0.878  review pages [2, 3, 4]
[+] 29 فاينل ريتين 2022&2023.pdf: 17 page(s), mean conf 0.835  review pages [1, 4, 6, 13, 17]
